reuters @HomedePaix1 If spots has his way. #trumpPandemic #COVIDIOTS
 @BarnetCouncil please close all local parks. As sad as it is, it looks like people don't get the message when some come along with their picnic blanket and have fun. The message still hast gone through unfortunately #LockdownNow #lockdownuk #COVIDIOTS
 You cant sanitize food. Eat at your own risk. #shutdownfastfod nonessential #covid19 #coronavirus #covidiots tips: . co/h1ABdDOfbH
 Is this what trump wants in exchange for Wall Street gains? #COVIDIOTS
 Bic News - Coronavirus: Spanish army finds care home residents dead and abandoned tips: . co/WGjF41nlhM
 The very funny hashing #COVIDIOTS started trending at the exact same time most dads are stuck at home with too much free time on their hands ... Coincidence? 
 Individuals who are violating reasonable social distancing precautions should be marked in an indelible visual way so people can avoid their threat and so their priority can be lowered when they need medical attention.
